// Jest Snapshot v1, https://goo.gl/fbAQLP

exports[`matches snapshot 1`] = `
<DocumentFragment>
  <nav
    class="navbar navbar-expand-md navbar-light"
  >
    <ul
      class="navbar-nav mr-auto"
    >
      <li
        class="nav-link personal-logo"
      >
        <a
          aria-current="page"
          class="active"
          href="/"
        >
          &gt;_ju
        </a>
      </li>
    </ul>
    <ul
      class="navbar-nav ml-auto"
    >
      <li
        class="nav-link"
      >
        <a
          href="/about"
        >
          About
        </a>
      </li>
      <li
        class="nav-link"
      >
        <a
          href="/portfolio"
        >
          Portfolio
        </a>
      </li>
      <li
        class="nav-link"
      >
        <a
          href="/contact"
        >
          Contact
        </a>
      </li>
    </ul>
  </nav>
</DocumentFragment>
`;
